
Running 1 test using 1 worker

MFA response OK but not JSON. status= [33m200[39m body= <!DOCTYPE html><html  data-capo=""><head><meta charset="utf-8">
<meta name="viewport" content="width=device-width, initial-scale=1">
<title>Gambit Custody Platform</title>
<link nonce="8rsdt9bR2G8E6O+ke+ygD8wo" integrity="sha384-FiajphQg2BBT4eemAeo8gnKc/BgdtkZ9BDGdxHxt4AksRbZIdB8roudMRVyFZGhJ" rel="stylesheet" href="/_nuxt/entry.CrepdQim.css">
<link nonce="8rsdt9bR2G8E6O+ke+ygD8wo" integrity="sha384-X00Ldr/9SInL/YI94SfIAeR5B+bfoDMpLY4L4JUwSFqU82Si3Axl/8Z7rBh63gJe" rel="modulepreload" as="script" crossorigin href="/_nuxt/D3rqUBXZ.js">
<link nonce="8rsdt9bR2G8E6O+ke+ygD8wo" rel="prefetch" as="script" crossorigin href="/_nuxt/_InYaMjM.js">
<link nonce="8rsdt9bR2G8E6O+ke+ygD8wo" rel="prefetch" as="script" crossorigin href="/_nuxt/DnoS3Ipu.js">
<link nonce="8rsdt9bR2G8E6O+ke+ygD8wo" rel="prefetch" as="script" crossorigin href="/_nuxt/Da3BozMA.js">
<link nonce="8rsdt9bR2G8E6O+ke+ygD8wo" rel="prefetch" as="script" crossorigin href="/_nuxt/C0AgjQ-g.js">
<link nonce="8rsdt9bR2G8E6O+ke+ygD8wo" rel="prefetch" as="script" crossorigin href="/_nuxt/CN1YAETS.js">
<link nonce="8rsdt9bR2G8E6O+ke+ygD8wo" rel="prefetch" as="script" crossorigin href="/_nuxt/rSI_Ue2b.js">
<link nonce="8rsdt9bR2G8E6O+ke+ygD8wo" rel="prefetch" as="script" crossorigin href="/_nuxt/y-6xx2FF.js">
<link nonce="8rsdt9bR2G8E6O+ke+ygD8wo" rel="prefetch" as="script" crossorigin href="/_nuxt/t8anwabd.js">
<link nonce="8rsdt9bR2G8E6O+ke+ygD8wo" rel="prefetch" as="style" href="/_nuxt/auth.CJHUl13d.css">
<link nonce="8rsdt9bR2G8E6O+ke+ygD8wo" rel="prefetch" as="script" crossorigin href="/_nuxt/DcFPjgb0.js">
<link nonce="8rsdt9bR2G8E6O+ke+ygD8wo" rel="prefetch" as="script" crossorigin href="/_nuxt/CCzTldDz.js">
<link nonce="8rsdt9bR2G8E6O+ke+ygD8wo" rel="prefetch" as="script" crossorigin href="/_nuxt/DY0YIWx1.js">
<link nonce="8rsdt9bR2G8E6O+ke+ygD8wo" rel="prefetch" as="script" crossorigin href="/_nuxt/Dq9-n_Qi.js">
<link nonce="8rsdt9bR2G8E6O+ke+ygD8wo" rel="prefetch" as="script" crossorigin href="/_nuxt/DNokqYnZ.js">
<link nonce="8rsdt9bR2G8E6O+ke+ygD8wo" rel="prefetch" as="script" crossorigin href="/_nuxt/C6nb-QP1.js">
<link nonce="8rsdt9bR2G8E6O+ke+ygD8wo" rel="prefetch" as="script" crossorigin href="/_nuxt/C9qR-WgS.js">
<link nonce="8rsdt9bR2G8E6O+ke+ygD8wo" rel="prefetch" as="script" crossorigin href="/_nuxt/Bwfpk0eo.js">
<link nonce="8rsdt9bR2G8E6O+ke+ygD8wo" rel="prefetch" as="script" crossorigin href="/_nuxt/B8-SR9Tg.js">
<link nonce="8rsdt9bR2G8E6O+ke+ygD8wo" rel="prefetch" as="script" crossorigin href="/_nuxt/B_ZFV9hv.js">
<link nonce="8rsdt9bR2G8E6O+ke+ygD8wo" rel="prefetch" as="script" crossorigin href="/_nuxt/DVGFXGHB.js">
<link nonce="8rsdt9bR2G8E6O+ke+ygD8wo" rel="prefetch" as="script" crossorigin href="/_nuxt/BWF0A3JN.js">
<link nonce="8rsdt9bR2G8E6O+ke+ygD8wo" rel="prefetch" as="script" crossorigin href="/_nuxt/CUUq2IJB.js">
<link nonce="8rsdt9bR2G8E6O+ke+ygD8wo" rel="prefetch" as="script" crossorigin href="/_nuxt/PqhW50nM.js">
<link nonce="8rsdt9bR2G8E6O+ke+ygD8wo" rel="prefetch" as="script" crossorigin href="/_nuxt/Dj5uSzpX.js">
<link nonce="8rsdt9bR2G8E6O+ke+ygD8wo" rel="prefetch" as="script" crossorigin href="/_nuxt/Dov2FFbI.js">
<link nonce="8rsdt9bR2G8E6O+ke+ygD8wo" rel="prefetch" as="script" crossorigin href="/_nuxt/COXbzMEZ.js">
<link nonce="8rsdt9bR2G8E6O+ke+ygD8wo" rel="prefetch" as="script" crossorigin href="/_nuxt/0F5e-i8a.js">
<link nonce="8rsdt9bR2G8E6O+ke+ygD8wo" rel="prefetch" as="script" crossorigin href="/_nuxt/DloqJ09u.js">
<link nonce="8rsdt9bR2G8E6O+ke+ygD8wo" rel="prefetch" as="script" crossorigin href="/_nuxt/CNAiFSmQ.js">
<link nonce="8rsdt9bR2G8E6O+ke+ygD8wo" rel="prefetch" as="script" crossorigin href="/_nuxt/vcONQmUd.js">
<link nonce="8rsdt9bR2G8E6O+ke+ygD8wo" rel="prefetch" as="script" crossorigin href="/_nuxt/Cv0UMEha.js">
<link nonce="8rsdt9bR2G8E6O+ke+ygD8wo" rel="prefetch" as="script" crossorigin href="/_nuxt/BxSuIHkR.js">
<link nonce="8rsdt9bR2G8E6O+ke+ygD8wo" rel="prefetch" as="script" crossorigin href="/_nuxt/BknPu6lD.js">
<link nonce="8rsdt9bR2G8E6O+ke+ygD8wo" rel="prefetch" as="script" crossorigin href="/_nuxt/eeJ7yfWG.js">
<link nonce="8rsdt9bR2G8E6O+ke+ygD8wo" rel="prefetch" as="script" crossorigin href="/_nuxt/DmQOmwJA.js">
<link nonce="8rsdt9bR2G8E6O+ke+ygD8wo" rel="prefetch" as="script" crossorigin href="/_nuxt/DPfBLsz2.js">
<link nonce="8rsdt9bR2G8E6O+ke+ygD8wo" rel="prefetch" as="script" crossorigin href="/_nuxt/BKK0cxbC.js">
<link nonce="8rsdt9bR2G8E6O+ke+ygD8wo" rel="prefetch" as="script" crossorigin href="/_nuxt/DYieP1ae.js">
<link nonce="8rsdt9bR2G8E6O+ke+ygD8wo" rel="prefetch" as="script" crossorigin href="/_nuxt/C5786vu9.js">
<link nonce="8rsdt9bR2G8E6O+ke+ygD8wo" rel="prefetch" as="script" crossorigin href="/_nuxt/D7-nmW2Q.js">
<link nonce="8rsdt9bR2G8E6O+ke+ygD8wo" rel="prefetch" as="script" crossorigin href="/_nuxt/D8fy9XXr.js">
<link nonce="8rsdt9bR2G8E6O+ke+ygD8wo" rel="prefetch" as="script" crossorigin href="/_nuxt/CWoNJ2AN.js">
<link nonce="8rsdt9bR2G8E6O+ke+ygD8wo" rel="prefetch" as="script" crossorigin href="/_nuxt/B_kNzNBv.js">
<link nonce="8rsdt9bR2G8E6O+ke+ygD8wo" rel="prefetch" as="script" crossorigin href="/_nuxt/k3_TTcCm.js">
<link nonce="8rsdt9bR2G8E6O+ke+ygD8wo" rel="prefetch" as="script" crossorigin href="/_nuxt/PcOAzifi.js">
<link nonce="8rsdt9bR2G8E6O+ke+ygD8wo" rel="prefetch" as="script" crossorigin href="/_nuxt/DrZErUvb.js">
<link nonce="8rsdt9bR2G8E6O+ke+ygD8wo" rel="prefetch" as="script" crossorigin href="/_nuxt/uwxII9gQ.js">
<link nonce="8rsdt9bR2G8E6O+ke+ygD8wo" rel="prefetch" as="script" crossorigin href="/_nuxt/ClXDG2On.js">
<link nonce="8rsdt9bR2G8E6O+ke+ygD8wo" rel="prefetch" as="style" href="/_nuxt/error-404.CjGVuf6H.css">
<link nonce="8rsdt9bR2G8E6O+ke+ygD8wo" rel="prefetch" as="script" crossorigin href="/_nuxt/QXikULyd.js">
<link nonce="8rsdt9bR2G8E6O+ke+ygD8wo" rel="prefetch" as="style" href="/_nuxt/error-500.DFBAsgKS.css">
<link nonce="8rsdt9bR2G8E6O+ke+ygD8wo" rel="prefetch" as="script" crossorigin href="/_nuxt/B9d4_7Zq.js">
<link nonce="8rsdt9bR2G8E6O+ke+ygD8wo" rel="icon" type="image/x-icon" href="/favicon.ico">
<script nonce="8rsdt9bR2G8E6O+ke+ygD8wo" integrity="sha384-X00Ldr/9SInL/YI94SfIAeR5B+bfoDMpLY4L4JUwSFqU82Si3Axl/8Z7rBh63gJe" type="module" src="/_nuxt/D3rqUBXZ.js" crossorigin></script>
<script nonce="8rsdt9bR2G8E6O+ke+ygD8wo" id="unhead:payload" type="application/json">{"title":"Gambit Custody Platform"}</script><script nonce="8rsdt9bR2G8E6O+ke+ygD8wo">"use strict";(()=>{const a=window,e=document.documentElement,c=window.localStorage,d=["dark","light"],n=c&&c.getItem&&c.getItem("nuxt-color-mode")||"light";let l=n==="system"?f():n;const i=e.getAttribute("data-color-mode-forced");i&&(l=i),r(l),a["__NUXT_COLOR_MODE__"]={preference:n,value:l,getColorScheme:f,addColorScheme:r,removeColorScheme:u};function r(o){const t=""+o+"",s="";e.classList?e.classList.add(t):e.className+=" "+t,s&&e.setAttribute("data-"+s,o)}function u(o){const t=""+o+"",s="";e.classList?e.classList.remove(t):e.className=e.className.replace(new RegExp(t,"g"),""),s&&e.removeAttribute("data-"+s)}function m(o){return a.matchMedia("(prefers-color-scheme"+o+")")}function f(){if(a.matchMedia&&m("").media!=="not all"){for(const o of d)if(m(":"+o).matches)return o}return"light"}})();</script></head><body><div id="__nuxt"><style nonce="8rsdt9bR2G8E6O+ke+ygD8wo">
  .loading-container {
    display: flex;
    align-items: center;
    justify-content: center;
    height: 100vh; /* Full height of the viewport */
    font-size: 1.5rem;
  }
</style>
<div class="loading-container">
  <UIcon name="i-svg-spinners-3-dots-bounce" />
</div>
</div><div id="teleports"></div><script nonce="8rsdt9bR2G8E6O+ke+ygD8wo" type="application/json" id="__NUXT_DATA__" data-ssr="false">[{"serverRendered":1},false]</script>
<script nonce="8rsdt9bR2G8E6O+ke+ygD8wo">window.__NUXT__={};window.__NUXT__.config={public:{kycFormUrl:"https://form.jotform.com/jsform/242658238748066",env:"dev",mdc:{useNuxtImage:true,components:{prose:true,map:{p:"prose-p",a:"prose-a",blockquote:"prose-blockquote","code-inline":"prose-code-inline",code:"ProseCodeInline",em:"prose-em",h1:"prose-h1",h2:"prose-h2",h3:"prose-h3",h4:"prose-h4",h5:"prose-h5",h6:"prose-h6",hr:"prose-hr",img:"prose-img",ul:"prose-ul",ol:"prose-ol",li:"prose-li",strong:"prose-strong",table:"prose-table",thead:"prose-thead",tbody:"prose-tbody",td:"prose-td",th:"prose-th",tr:"prose-tr"}},headings:{anchorLinks:{h1:false,h2:true,h3:true,h4:true,h5:false,h6:false}}},content:{locales:[],defaultLocale:"",integrity:1764218236716,experimental:{stripQueryParameters:false,advanceQuery:false,clientDB:false},respectPathCase:false,api:{baseURL:"/api/_content"},navigation:{fields:["icon","to","target"]},tags:{p:"prose-p",a:"prose-a",blockquote:"prose-blockquote","code-inline":"prose-code-inline",code:"ProseCodeInline",em:"prose-em",h1:"prose-h1",h2:"prose-h2",h3:"prose-h3",h4:"prose-h4",h5:"prose-h5",h6:"prose-h6",hr:"prose-hr",img:"prose-img",ul:"prose-ul",ol:"prose-ol",li:"prose-li",strong:"prose-strong",table:"prose-table",thead:"prose-thead",tbody:"prose-tbody",td:"prose-td",th:"prose-th",tr:"prose-tr"},highlight:{theme:{light:"material-theme-lighter",default:"material-theme",dark:"material-theme-palenight"},preload:["json","js","ts","html","css","vue","diff","shell","markdown","yaml","bash","ini"],highlighter:"shiki",langs:["js","jsx","json","ts","tsx","vue","css","html","bash","md","mdc","yaml","json","js","ts","html","css","vue","diff","shell","markdown","yaml","bash","ini"]},wsUrl:"",documentDriven:false,host:"",trailingSlash:false,search:"",contentHead:true,anchorLinks:{depth:4,exclude:[1]}},auth:{computed:{origin:"",pathname:"/api/auth",fullBaseUrl:"/api/auth"},isEnabled:true,session:{enableRefreshPeriodically:false,enableRefreshOnWindowFocus:false},globalAppMiddleware:{isEnabled:true,allow404WithoutAuth:true,addDefaultCallbackUrl:"/login"},baseURL:"/api/auth",provider:{type:"refresh",pages:{login:"/login"},refreshOnlyToken:false,endpoints:{signIn:{path:"/login-mfa",method:"post"},signOut:{path:"/logout",method:"post"},signUp:{path:"/register",method:"post"},getSession:{path:"/user",method:"post"},refresh:{path:"/refresh",method:"post"}},token:{signInResponseTokenPointer:"/accessToken",type:"Bearer",cookieName:"auth.dac_token",headerName:"Authorization",maxAgeInSeconds:3600,sameSiteAttribute:"none"},refreshToken:{signInResponseRefreshTokenPointer:"/refreshToken",refreshRequestTokenPointer:"/refreshToken",cookieName:"auth.dac_refresh_token",maxAgeInSeconds:86400},sessionDataType:{id:"string | number"}}}},app:{baseURL:"/",buildId:"4f5d5db9-769c-4a7d-91be-60bb3bf4c0b6",buildAssetsDir:"/_nuxt/",cdnURL:""}}</script></body></html>
Falling back to manual OTP entry...
waitForURL timeout
  ✘  1 tests/testDemo.spec.js:6:1 › Dev login with manual OTP verification and create asset wallet (7.2s)


  1) tests/testDemo.spec.js:6:1 › Dev login with manual OTP verification and create asset wallet ───

    Error: locator.waitFor: Target page, context or browser has been closed

      30 |   }
      31 |   
    > 32 |   await currentPage.locator('text=Dashboard').waitFor({ state: 'visible', timeout: 15000 });
         |                                               ^
      33 |   await currentPage.screenshot({ path: 'login-dashboard.png', fullPage: true });
      34 |   await detectAndClickCreateAssetWallet(currentPage);
      35 |   await currentPage.waitForTimeout(1000);
        at /Users/hwashen/playwright-project/tests/testDemo.spec.js:32:47

  1 failed
    tests/testDemo.spec.js:6:1 › Dev login with manual OTP verification and create asset wallet ────
